n/Neg1220.jpg
n/Neg1230.jpg
n/Neg1240.jpg
n/Neg1250.jpg
n/Neg1260.jpg
n/Neg1270.jpg
n/Neg1280.jpg
n/Neg1290.jpg
n/Neg1300.jpg
n/Neg1310.jpg
n/Neg1320.jpg
n/Neg1090.jpg
n/Neg1100.jpg
n/Neg1110.jpg
n/Neg1120.jpg
n/Neg1130.jpg
n/Neg1140.jpg
n/Neg1150.jpg
n/Neg1160.jpg
n/Neg1170.jpg
n/Neg1180.jpg
n/Neg1190.jpg
n/Neg1200.jpg
n/Neg1210.jpg
n/Neg1000.jpg
n/Neg1010.jpg
n/Neg1020.jpg
n/Neg1030.jpg
n/Neg1040.jpg
n/Neg1050.jpg
n/Neg1060.jpg
n/Neg1070.jpg
n/Neg1080.jpg
n/Neg950.jpg
n/Neg960.jpg
n/Neg970.jpg
n/Neg980.jpg
n/Neg990.jpg
n/Neg830.jpg
n/Neg840.jpg
n/Neg850.jpg
n/Neg860.jpg
n/Neg870.jpg
n/Neg880.jpg
n/Neg890.jpg
n/Neg900.jpg
n/Neg910.jpg
n/Neg920.jpg
n/Neg930.jpg
n/Neg940.jpg
n/Neg700.jpg
n/Neg710.jpg
n/Neg720.jpg
n/Neg730.jpg
n/Neg740.jpg
n/Neg750.jpg
n/Neg760.jpg
n/Neg770.jpg
n/Neg780.jpg
n/Neg790.jpg
n/Neg800.jpg
n/Neg810.jpg
n/Neg820.jpg
n/Neg560.jpg
n/Neg570.jpg
n/Neg580.jpg
n/Neg590.jpg
n/Neg600.jpg
n/Neg610.jpg
n/Neg620.jpg
n/Neg630.jpg
n/Neg640.jpg
n/Neg650.jpg
n/Neg660.jpg
n/Neg670.jpg
n/Neg680.jpg
n/Neg690.jpg
n/Neg420.jpg
n/Neg430.jpg
n/Neg440.jpg
n/Neg450.jpg
n/Neg460.jpg
n/Neg470.jpg
n/Neg480.jpg
n/Neg490.jpg
n/Neg500.jpg
n/Neg510.jpg
n/Neg520.jpg
n/Neg530.jpg
n/Neg540.jpg
n/Neg550.jpg
n/Neg280.jpg
n/Neg290.jpg
n/Neg300.jpg
n/Neg310.jpg
n/Neg320.jpg
n/Neg330.jpg
n/Neg340.jpg
n/Neg350.jpg
n/Neg360.jpg
n/Neg370.jpg
n/Neg380.jpg
n/Neg390.jpg
n/Neg400.jpg
n/Neg410.jpg
n/Neg140.jpg
n/Neg150.jpg
n/Neg160.jpg
n/Neg170.jpg
n/Neg180.jpg
n/Neg190.jpg
n/Neg200.jpg
n/Neg210.jpg
n/Neg220.jpg
n/Neg230.jpg
n/Neg240.jpg
n/Neg250.jpg
n/Neg260.jpg
n/Neg270.jpg
n/Neg0.jpg
n/Neg10.jpg
n/Neg100.jpg
n/Neg110.jpg
n/Neg120.jpg
n/Neg130.jpg
n/Neg20.jpg
n/Neg30.jpg
n/Neg40.jpg
n/Neg50.jpg
n/Neg60.jpg
n/Neg70.jpg
n/Neg80.jpg
n/Neg90.jpg